
> thaesu-online@0.1.0 dev
> next dev --webpack

▲ Next.js 16.2.11 (webpack)
- Local:         http://localhost:3000
- Network:       http://192.168.18.98:3000
- Environments: .env.local
✓ Ready in 1797ms
  Skipping creating a lockfile at /data/data/com.termux/files/home/thaesu-online/.next/dev/lock because we're using WASM bindings

○ Compiling /api/music-config ...
 GET /api/music-config 200 in 8.0s (next.js: 7.3s, proxy.ts: 546ms, application-code: 126ms)
○ Compiling / ...
○ Compiling /auth/login ...
 GET /auth/register 200 in 5.3s (next.js: 2.4s, proxy.ts: 1625ms, application-code: 1270ms)
○ Compiling /dashboard ...
 GET /dashboard 200 in 13.9s (next.js: 10.6s, proxy.ts: 19ms, application-code: 3.3s)
 GET /subscriptions 404 in 4.5s (next.js: 2.6s, proxy.ts: 49ms, application-code: 1896ms)
○ Compiling /products ...
 GET /products 200 in 6.0s (next.js: 3.6s, proxy.ts: 18ms, application-code: 2.4s)
○ Compiling /checkout ...
(node:20350) ExperimentalWarning: localStorage is not available because --localstorage-file was not provided.
(Use `node --trace-warnings ...` to show where the warning was created)
 GET /affiliate 200 in 7.3s (next.js: 2.5s, proxy.ts: 3.9s, application-code: 865ms)
○ Compiling /chat ...
 GET /chat 200 in 10.9s (next.js: 9.2s, proxy.ts: 19ms, application-code: 1684ms)
○ Compiling /cart ...
○ Compiling /games ...
○ Compiling /profile ...
○ Compiling /api/music-config ...
 GET / 200 in 12.2s (next.js: 8.3s, proxy.ts: 2.5s, application-code: 1407ms)
 GET /api/subscription/plans 404 in 5.2s (next.js: 2.1s, proxy.ts: 1933ms, application-code: 1145ms)
(node:20350) Warning: SECURITY WARNING: The SSL modes 'prefer', 'require', and 'verify-ca' are treated as aliases for 'verify-full'.
In the next major version (pg-connection-string v3.0.0 and pg v9.0.0), these modes will adopt standard libpq semantics, which have weaker security guarantees.

To prepare for this change:
- If you want the current behavior, explicitly use 'sslmode=verify-full'
- If you want libpq compatibility now, use 'uselibpqcompat=true&sslmode=require'

See https://www.postgresql.org/docs/current/libpq-ssl.html for libpq SSL mode definitions.
⚠️ SLOW QUERY (2967ms): SELECT COUNT(*) FROM products p WHERE 1=1 
 GET /api/products 200 in 5.7s (next.js: 2.2s, proxy.ts: 18ms, application-code: 3.4s)
○ Compiling /api/wishlist ...
 GET /api/wishlist 401 in 7.3s (next.js: 7.2s, proxy.ts: 23ms, application-code: 39ms)
 GET /api/orders 405 in 2.4s (next.js: 2.3s, proxy.ts: 22ms, application-code: 25ms)
⚠️ SLOW QUERY (2143ms): SELECT COUNT(*) FROM products
⚠️ SLOW QUERY (2178ms): SELECT COUNT(*) FROM users
⚠️ SLOW QUERY (2242ms): SELECT COALESCE(SUM(total_amount),0) FROM orders
⚠️ SLOW QUERY (2281ms): SELECT COUNT(*) FROM orders
 GET /api/admin/reports 200 in 4.7s (next.js: 2.4s, proxy.ts: 13ms, application-code: 2.3s)
 GET /api/admin/coupons 403 in 2.3s (next.js: 2.3s, proxy.ts: 19ms, application-code: 32ms)
